[owly.wpengine.com/index.html]
[backblue.gif]
[fade.gif]
[index.html]
[1qbs92ux090u5wggts6ne1aj-wpengine.netdna-ssl.com/wp-content/cache/asset-cleanup/css/item/dt-animation-css-v5.4.2-91ca64281f9d12e5c61a0a229d34d8779d91e50b.css]
[1qbs92ux090u5wggts6ne1aj-wpengine.netdna-ssl.com/wp-content/cache/asset-cleanup/css/item/dt-slick-css-v5.4.2-a3de35091c07d540646b8924ab22b3b0746c3639.css]
[1qbs92ux090u5wggts6ne1aj-wpengine.netdna-ssl.com/wp-content/cache/asset-cleanup/css/item/rs-plugin-settings-v6.2.2-319aee37bf17124d322b5b2721d0aa884979b27a.css]
[1qbs92ux090u5wggts6ne1aj-wpengine.netdna-ssl.com/wp-content/cache/asset-cleanup/css/item/bsf-Defaults-v5.4.2-4531470deab3efd0b8499f29a323a1b45f0efced.css]
[1qbs92ux090u5wggts6ne1aj-wpengine.netdna-ssl.com/wp-content/cache/asset-cleanup/css/item/dt-sc-css-v5.4.2-6e1eebea5a366c6bf89a157759fb869a9574a37f.css]
[1qbs92ux090u5wggts6ne1aj-wpengine.netdna-ssl.com/wp-content/cache/asset-cleanup/css/item/969cee4a0cb97b4ed7df694f59d55071-vb3be764f582cd9560841627f0fb031b4-1c19c51cd93f6bb7243b486b5dc7d7ecd4111b75.css]
[1qbs92ux090u5wggts6ne1aj-wpengine.netdna-ssl.com/wp-content/cache/asset-cleanup/css/item/_prefix_handler-base-v1.0-78d0bba9a5bd0523516c99c3b6b950c5be90c717.css]
[1qbs92ux090u5wggts6ne1aj-wpengine.netdna-ssl.com/wp-content/cache/asset-cleanup/css/item/_prefix_handler-layout-v1.0-3f4d09aef06a45b18738a0883e75f3d0c844c06e.css]
[1qbs92ux090u5wggts6ne1aj-wpengine.netdna-ssl.com/wp-content/cache/asset-cleanup/css/item/_prefix_handler-contact-v1.0-a63c4e3b7ecb64d77fde14de2c77edfcc7c5c126.css]
[1qbs92ux090u5wggts6ne1aj-wpengine.netdna-ssl.com/wp-content/cache/asset-cleanup/css/item/_prefix_handler-custom-class-v1.0-5d7afb519732ffe0e992399c3d48c2a47e61707d.css]
[1qbs92ux090u5wggts6ne1aj-wpengine.netdna-ssl.com/wp-content/cache/asset-cleanup/css/item/_prefix_handler-browsers-v1.0-1a4687b81d05a146ac2324abb17e002934969573.css]
[1qbs92ux090u5wggts6ne1aj-wpengine.netdna-ssl.com/wp-content/cache/asset-cleanup/css/item/pe-icon-7-stroke-v5.4.2-1b134e411826b89b8d38a81eb5eeef7040583eee.css]
[1qbs92ux090u5wggts6ne1aj-wpengine.netdna-ssl.com/wp-content/cache/asset-cleanup/css/item/icon-moon-v5.4.2-2120df6d1fccb25e9127b1decf5e8199fd347c5c.css]
[1qbs92ux090u5wggts6ne1aj-wpengine.netdna-ssl.com/wp-content/cache/asset-cleanup/css/item/stroke-gap-icons-style-v5.4.2-bab319c2fc6d851ac424db47215787bb32a54cd8.css]
[1qbs92ux090u5wggts6ne1aj-wpengine.netdna-ssl.com/wp-content/cache/asset-cleanup/css/item/_prefix_handler-loader-v1.0-c30a8eed9550f5689788740c1fcefa63da9585a3.css]
[1qbs92ux090u5wggts6ne1aj-wpengine.netdna-ssl.com/wp-content/cache/asset-cleanup/css/item/_prefix_handler-popup-css-v1.0-f547184793db3c0c17b511669265af0ef90bcd7e.css]
[1qbs92ux090u5wggts6ne1aj-wpengine.netdna-ssl.com/wp-content/cache/asset-cleanup/css/item/_prefix_handler-gutenberg-v1.0-9b535618563845a31a92bcd681fc8772f3fef1b1.css]
[1qbs92ux090u5wggts6ne1aj-wpengine.netdna-ssl.com/wp-content/cache/asset-cleanup/css/item/dtportfolio-animation-v5.4.2-91ca64281f9d12e5c61a0a229d34d8779d91e50b.css]
[1qbs92ux090u5wggts6ne1aj-wpengine.netdna-ssl.com/wp-content/cache/asset-cleanup/css/item/dtportfolio-fullpage-v5.4.2-e3b27d642f06c8a59f1ac57ace6f4ffdde9e8173.css]
[1qbs92ux090u5wggts6ne1aj-wpengine.netdna-ssl.com/wp-content/cache/asset-cleanup/css/item/dtportfolio-ilightbox-v5.4.2-56e6da45e3925769a3cbd89c9edb1c04ffa79233.css]
[1qbs92ux090u5wggts6ne1aj-wpengine.netdna-ssl.com/wp-content/cache/asset-cleanup/css/item/dtportfolio-multiscroll-v5.4.2-dea1171c67f76fc0737666641eb6bf9d9afce566.css]
[1qbs92ux090u5wggts6ne1aj-wpengine.netdna-ssl.com/wp-content/cache/asset-cleanup/css/item/dtportfolio-frontend-v5.4.2-51e0c233b35d6cd53076ccbe6610fb320ec43987.css]
[1qbs92ux090u5wggts6ne1aj-wpengine.netdna-ssl.com/wp-content/cache/asset-cleanup/css/item/dtportfolio-responsive-v5.4.2-9161d5fc142661b71278746dee32c3e32aff4385.css]
[1qbs92ux090u5wggts6ne1aj-wpengine.netdna-ssl.com/wp-content/cache/asset-cleanup/js/item/modernizr-custom-v5.4.2-5f810a8cc859109d7b8e7f8dacbcf3436de4b7b9.js]
[collectcdn.com/launcher.js]
[owly.wpengine.com/wp-content/uploads/2020/07/pxiAyp8kv8JHgFVrJJLmE3tG-2.woff]
[owly.wpengine.com/wp-content/uploads/2019/02/bg1.jpg]
[owly.wpengine.com/wp-content/uploads/2019/02/person.png]
[owly.wpengine.com/wp-content/uploads/2019/02/bg3.jpg]
[owly.wpengine.com/wp-content/uploads/2019/02/book.png]
[owly.wpengine.com/wp-content/uploads/2019/02/bg2.jpg]
[owly.wpengine.com/wp-content/uploads/2019/02/person2.png]
[1qbs92ux090u5wggts6ne1aj-wpengine.netdna-ssl.com/wp-content/cache/asset-cleanup/css/item/a4cc07875a96d583dc6d5d3ef7db3c48-vd10e551d6e5ff5c52e7fb43fe298788d-9e3150fc9e30f8306f07e4f3844265f04a0be122.css]
[1qbs92ux090u5wggts6ne1aj-wpengine.netdna-ssl.com/wp-content/cache/asset-cleanup/js/item/dt-sc-tiptip-v5.4.2-56768681c2f514cd652d0e26cc5b4cd55075b118.js]
[1qbs92ux090u5wggts6ne1aj-wpengine.netdna-ssl.com/wp-content/cache/asset-cleanup/js/item/dt-sc-inview-v5.4.2-cc907d33446bb750540027e94d9d29ce34c7dbca.js]
[1qbs92ux090u5wggts6ne1aj-wpengine.netdna-ssl.com/wp-content/cache/asset-cleanup/js/item/dt-sc-script-v5.4.2-8222ae38ee3ed8544a37c1e38bdc3fb73a132b3a.js]
[1qbs92ux090u5wggts6ne1aj-wpengine.netdna-ssl.com/wp-content/cache/asset-cleanup/js/item/dt-custom-waypoints-v5.4.2-2fc1b8bf65a3fc174ca429eef1b3e3926e5b25f6.js]
[1qbs92ux090u5wggts6ne1aj-wpengine.netdna-ssl.com/wp-content/cache/asset-cleanup/js/item/easing-v5.4.2-79b106e28ca43f4301e8dad5def21c43883c6444.js]
[1qbs92ux090u5wggts6ne1aj-wpengine.netdna-ssl.com/wp-content/cache/asset-cleanup/js/item/debouncedresize-v5.4.2-b25c83c03bbdfc72f83fdb79ca8f122033ee3bd8.js]
[1qbs92ux090u5wggts6ne1aj-wpengine.netdna-ssl.com/wp-content/cache/asset-cleanup/js/item/touchswipe-v5.4.2-07177b49cb9d82ae1f6b5025418d9b9cc04c6bcb.js]
[1qbs92ux090u5wggts6ne1aj-wpengine.netdna-ssl.com/wp-content/cache/asset-cleanup/js/item/fitvids-v5.4.2-3640d68f79bb73255dbe0a45602a65cacc3e8ab8.js]
[1qbs92ux090u5wggts6ne1aj-wpengine.netdna-ssl.com/wp-content/cache/asset-cleanup/js/item/sticky-v5.4.2-f4382dec690adb7325eaeefb6f8a690ef9d131b9.js]
[1qbs92ux090u5wggts6ne1aj-wpengine.netdna-ssl.com/wp-content/cache/asset-cleanup/js/item/simple-sidebar-v5.4.2-522f34ccf9ac6b3743cd7a11e3b77ebb3846b6f6.js]
[1qbs92ux090u5wggts6ne1aj-wpengine.netdna-ssl.com/wp-content/cache/asset-cleanup/js/item/classie-v5.4.2-14650eeaad450757c168b2174dbd5399ddef7fad.js]
[1qbs92ux090u5wggts6ne1aj-wpengine.netdna-ssl.com/wp-content/cache/asset-cleanup/js/item/placeholder-v5.4.2-da340f9f849d72153cd596e62ffcf949c425a511.js]
[1qbs92ux090u5wggts6ne1aj-wpengine.netdna-ssl.com/wp-content/cache/asset-cleanup/js/item/_prefix_handler-jqcustom-v5.4.2-94d3ad51b8ec3fd33025eeae72bc79a861654ee0.js]
[1qbs92ux090u5wggts6ne1aj-wpengine.netdna-ssl.com/wp-content/cache/asset-cleanup/js/item/dtportfolio-jarallax-v5.4.2-c50384238b50108b39c6ea00d3fd53deec6e9534.js]
[1qbs92ux090u5wggts6ne1aj-wpengine.netdna-ssl.com/wp-content/cache/asset-cleanup/js/item/dtportfolio-inview-v5.4.2-cc907d33446bb750540027e94d9d29ce34c7dbca.js]
[1qbs92ux090u5wggts6ne1aj-wpengine.netdna-ssl.com/wp-content/cache/asset-cleanup/js/item/dtportfolio-plugins-v5.4.2-9ced4cc7f669e9e4a6fc4a76c6d9a8fd4b10854e.js]
[owly.wpengine.com/index.html]
[1qbs92ux090u5wggts6ne1aj-wpengine.netdna-ssl.com/wp-content/cache/asset-cleanup/css/item/dt-animation-css-v5.4.2-91ca64281f9d12e5c61a0a229d34d8779d91e50b.css]
[1qbs92ux090u5wggts6ne1aj-wpengine.netdna-ssl.com/wp-content/cache/asset-cleanup/js/item/dtportfolio-frontend-v5.4.2-ff94a51e65a7f87a8d253659356cba2c0777247a.js]
[1qbs92ux090u5wggts6ne1aj-wpengine.netdna-ssl.com/wp-content/cache/asset-cleanup/css/item/dt-slick-css-v5.4.2-a3de35091c07d540646b8924ab22b3b0746c3639.css]
[1qbs92ux090u5wggts6ne1aj-wpengine.netdna-ssl.com/wp-content/plugins/designthemes-core-features/shortcodes/images/testimonial-clip-icon.png]
[1qbs92ux090u5wggts6ne1aj-wpengine.netdna-ssl.com/wp-content/cache/asset-cleanup/css/item/dt-sc-css-v5.4.2-6e1eebea5a366c6bf89a157759fb869a9574a37f.css]
[1qbs92ux090u5wggts6ne1aj-wpengine.netdna-ssl.com/wp-content/cache/asset-cleanup/css/item/rs-plugin-settings-v6.2.2-319aee37bf17124d322b5b2721d0aa884979b27a.css]
[1qbs92ux090u5wggts6ne1aj-wpengine.netdna-ssl.com/wp-content/cache/asset-cleanup/css/item/bsf-Defaults-v5.4.2-4531470deab3efd0b8499f29a323a1b45f0efced.css]
[1qbs92ux090u5wggts6ne1aj-wpengine.netdna-ssl.com/wp-content/cache/asset-cleanup/css/item/969cee4a0cb97b4ed7df694f59d55071-vb3be764f582cd9560841627f0fb031b4-1c19c51cd93f6bb7243b486b5dc7d7ecd4111b75.css]
[1qbs92ux090u5wggts6ne1aj-wpengine.netdna-ssl.com/wp-content/themes/src/images/services-shadow.36.delayed]
[1qbs92ux090u5wggts6ne1aj-wpengine.netdna-ssl.com/wp-content/cache/asset-cleanup/css/item/_prefix_handler-base-v1.0-78d0bba9a5bd0523516c99c3b6b950c5be90c717.css]
[1qbs92ux090u5wggts6ne1aj-wpengine.netdna-ssl.com/wp-content/cache/asset-cleanup/css/item/_prefix_handler-layout-v1.0-3f4d09aef06a45b18738a0883e75f3d0c844c06e.css]
[1qbs92ux090u5wggts6ne1aj-wpengine.netdna-ssl.com/wp-content/cache/asset-cleanup/css/item/_prefix_handler-contact-v1.0-a63c4e3b7ecb64d77fde14de2c77edfcc7c5c126.css]
[1qbs92ux090u5wggts6ne1aj-wpengine.netdna-ssl.com/wp-content/cache/asset-cleanup/css/item/_prefix_handler-custom-class-v1.0-5d7afb519732ffe0e992399c3d48c2a47e61707d.css]
[1qbs92ux090u5wggts6ne1aj-wpengine.netdna-ssl.com/wp-content/cache/asset-cleanup/css/item/_prefix_handler-browsers-v1.0-1a4687b81d05a146ac2324abb17e002934969573.css]
[1qbs92ux090u5wggts6ne1aj-wpengine.netdna-ssl.com/wp-content/cache/asset-cleanup/css/item/pe-icon-7-stroke-v5.4.2-1b134e411826b89b8d38a81eb5eeef7040583eee.css]
[1qbs92ux090u5wggts6ne1aj-wpengine.netdna-ssl.com/wp-content/cache/asset-cleanup/css/item/_prefix_handler-grid-v1.0-84a55700fa0becb802f12485cb27b5899c94b7fb.css]
[1qbs92ux090u5wggts6ne1aj-wpengine.netdna-ssl.com/wp-content/cache/asset-cleanup/css/item/stroke-gap-icons-style-v5.4.2-bab319c2fc6d851ac424db47215787bb32a54cd8.css]
[1qbs92ux090u5wggts6ne1aj-wpengine.netdna-ssl.com/wp-content/cache/asset-cleanup/css/item/icon-moon-v5.4.2-2120df6d1fccb25e9127b1decf5e8199fd347c5c.css]
[1qbs92ux090u5wggts6ne1aj-wpengine.netdna-ssl.com/wp-content/cache/asset-cleanup/css/item/_prefix_handler-loader-v1.0-c30a8eed9550f5689788740c1fcefa63da9585a3.css]
[1qbs92ux090u5wggts6ne1aj-wpengine.netdna-ssl.com/wp-content/cache/asset-cleanup/css/item/_prefix_handler-popup-css-v1.0-f547184793db3c0c17b511669265af0ef90bcd7e.css]
[1qbs92ux090u5wggts6ne1aj-wpengine.netdna-ssl.com/wp-content/cache/asset-cleanup/css/item/_prefix_handler-gutenberg-v1.0-9b535618563845a31a92bcd681fc8772f3fef1b1.css]
[1qbs92ux090u5wggts6ne1aj-wpengine.netdna-ssl.com/wp-content/cache/asset-cleanup/css/item/dtportfolio-animation-v5.4.2-91ca64281f9d12e5c61a0a229d34d8779d91e50b.css]
[1qbs92ux090u5wggts6ne1aj-wpengine.netdna-ssl.com/wp-content/cache/asset-cleanup/css/item/dtportfolio-fullpage-v5.4.2-e3b27d642f06c8a59f1ac57ace6f4ffdde9e8173.css]
[1qbs92ux090u5wggts6ne1aj-wpengine.netdna-ssl.com/wp-content/cache/asset-cleanup/css/item/dtportfolio-ilightbox-v5.4.2-56e6da45e3925769a3cbd89c9edb1c04ffa79233.css]
[1qbs92ux090u5wggts6ne1aj-wpengine.netdna-ssl.com/wp-content/cache/asset-cleanup/css/item/dtportfolio-multiscroll-v5.4.2-dea1171c67f76fc0737666641eb6bf9d9afce566.css]
[1qbs92ux090u5wggts6ne1aj-wpengine.netdna-ssl.com/wp-content/cache/asset-cleanup/css/item/dtportfolio-frontend-v5.4.2-51e0c233b35d6cd53076ccbe6610fb320ec43987.css]
[1qbs92ux090u5wggts6ne1aj-wpengine.netdna-ssl.com/wp-content/cache/asset-cleanup/css/item/dtportfolio-responsive-v5.4.2-9161d5fc142661b71278746dee32c3e32aff4385.css]
[1qbs92ux090u5wggts6ne1aj-wpengine.netdna-ssl.com/wp-content/cache/asset-cleanup/css/item/dtportfolio-designthemes-v5.4.2-fb26f6d67d880e8e5c766d5962c653c046311da3.css]
[1qbs92ux090u5wggts6ne1aj-wpengine.netdna-ssl.com/wp-content/cache/asset-cleanup/css/item/a4cc07875a96d583dc6d5d3ef7db3c48-vd10e551d6e5ff5c52e7fb43fe298788d-9e3150fc9e30f8306f07e4f3844265f04a0be122.css]
[1qbs92ux090u5wggts6ne1aj-wpengine.netdna-ssl.com/wp-content/themes/src/images/services-shadow.html]
[1qbs92ux090u5wggts6ne1aj-wpengine.netdna-ssl.com/wp-content/cache/asset-cleanup/css/item/_prefix_handler-grid-v1.0-84a55700fa0becb802f12485cb27b5899c94b7fb.css]
[1qbs92ux090u5wggts6ne1aj-wpengine.netdna-ssl.com/wp-content/cache/asset-cleanup/css/item/dtportfolio-designthemes-v5.4.2-fb26f6d67d880e8e5c766d5962c653c046311da3.css]
[1qbs92ux090u5wggts6ne1aj-wpengine.netdna-ssl.com/wp-content/plugins/designthemes-core-features/shortcodes/css/ajax-loader.gif]
[1qbs92ux090u5wggts6ne1aj-wpengine.netdna-ssl.com/wp-content/plugins/designthemes-core-features/shortcodes/css/ajax-loader.gif]
[1qbs92ux090u5wggts6ne1aj-wpengine.netdna-ssl.com/wp-content/themes/src/css/images/slanting-bg.png]
[1qbs92ux090u5wggts6ne1aj-wpengine.netdna-ssl.com/wp-content/themes/src/css/images/slanting-bg.png]
[1qbs92ux090u5wggts6ne1aj-wpengine.netdna-ssl.com/wp-content/plugins/designthemes-portfolio-addon/css/ilightbox/dark-skin/preloader.gif]
[fw.dttheme.com/wp-content/uploads/2018/03/header-26-bg.png]
