[wtka.websitestemplateskits.com/template-kit/home-tutoria/index.html]
[backblue.gif]
[fade.gif]
[index.html]
[wtka.websitestemplateskits.com/wp-includes/css/dist/block-library/style.min7661.css]
[wtka.websitestemplateskits.com/wp-content/plugins/woocommerce/packages/woocommerce-blocks/build/vendors-style653d.css]
[wtka.websitestemplateskits.com/wp-content/plugins/woocommerce/packages/woocommerce-blocks/build/style653d.css]
[wtka.websitestemplateskits.com/wp-content/plugins/template-kit-export/public/assets/css/template-kit-export-public.min18c7.css]
[wtka.websitestemplateskits.com/wp-content/plugins/woocommerce/assets/css/woocommerce-layoutb2f9.css]
[wtka.websitestemplateskits.com/wp-content/plugins/woocommerce/assets/css/woocommerce-smallscreenb2f9.css]
[wtka.websitestemplateskits.com/wp-content/plugins/woocommerce/assets/css/woocommerceb2f9.css]
[wtka.websitestemplateskits.com/wp-content/plugins/header-footer-elementor/assets/css/header-footer-elementorcc1a.css]
[wtka.websitestemplateskits.com/wp-content/plugins/elementor/assets/lib/eicons/css/elementor-icons.min87e8.css]
[wtka.websitestemplateskits.com/wp-content/plugins/elementor/assets/lib/animations/animations.mincaa5.css]
[wtka.websitestemplateskits.com/wp-content/plugins/elementor/assets/css/frontend.mincaa5.css]
[wtka.websitestemplateskits.com/wp-content/plugins/metform/controls/assets/css/form-picker-editor8a54.css]
[wtka.websitestemplateskits.com/wp-content/plugins/elementor/assets/lib/font-awesome/css/all.mincaa5.css]
[wtka.websitestemplateskits.com/wp-content/plugins/elementor/assets/lib/font-awesome/css/v4-shims.mincaa5.css]
[wtka.websitestemplateskits.com/wp-content/plugins/elementskit-lite/modules/controls/assets/css/widgetarea-editor8a54.css]
[wtka.websitestemplateskits.com/wp-content/uploads/elementor/css/post-38136efe.css]
[wtka.websitestemplateskits.com/wp-content/uploads/elementor/css/post-3427f9bc.css]
[wtka.websitestemplateskits.com/wp-content/plugins/header-footer-elementor/inc/widgets-css/frontendcc1a.css]
[wtka.websitestemplateskits.com/wp-content/plugins/elementor/assets/lib/font-awesome/css/font-awesome.min1849.css]
[wtka.websitestemplateskits.com/wp-content/plugins/woolentor-addons/assets/css/simple-line-icons7514.css]
[wtka.websitestemplateskits.com/wp-content/plugins/woolentor-addons/assets/css/htflexboxgrid7514.css]
[wtka.websitestemplateskits.com/wp-content/plugins/woolentor-addons/assets/css/slick7514.css]
[wtka.websitestemplateskits.com/wp-content/plugins/woolentor-addons/assets/css/woolentor-widgets7514.css]
[wtka.websitestemplateskits.com/wp-content/plugins/metform/public/assets/css/metform-ui9e1e.css]
[wtka.websitestemplateskits.com/wp-content/plugins/metform/public/assets/css/style9e1e.css]
[wtka.websitestemplateskits.com/wp-content/themes/hello-elementor/style.min3601.css]
[wtka.websitestemplateskits.com/wp-content/themes/hello-elementor/theme.min3601.css]
[wtka.websitestemplateskits.com/wp-content/plugins/quadmenu/assets/frontend/pscrollbar/perfect-scrollbar.minb95e.css]
[wtka.websitestemplateskits.com/wp-content/plugins/quadmenu/assets/frontend/owlcarousel/owl.carousel.minb95e.css]
[wtka.websitestemplateskits.com/wp-content/plugins/quadmenu/assets/frontend/css/quadmenu-normalize.minb95e.css]
[wtka.websitestemplateskits.com/wp-content/uploads/hello-elementor/quadmenu-widgets1ae5.css]
[wtka.websitestemplateskits.com/wp-content/plugins/quadmenu/assets/frontend/css/quadmenu.minb95e.css]
[wtka.websitestemplateskits.com/wp-content/uploads/hello-elementor/quadmenu-locations300c.css]
[wtka.websitestemplateskits.com/wp-includes/css/dashicons.min7661.css]
[wtka.websitestemplateskits.com/wp-content/plugins/elementskit-lite/libs/framework/assets/css/frontend-style.min7976.css]
[wtka.websitestemplateskits.com/wp-content/plugins/elementskit-lite/widgets/init/assets/css/vendors7976.css]
[wtka.websitestemplateskits.com/wp-content/plugins/elementskit-lite/widgets/init/assets/css/style7976.css]
[wtka.websitestemplateskits.com/wp-content/plugins/elementskit-lite/widgets/init/assets/css/responsive7976.css]
[wtka.websitestemplateskits.com/wp-content/plugins/elementor/assets/lib/font-awesome/css/fontawesome.minb683.css]
[wtka.websitestemplateskits.com/wp-content/plugins/elementor/assets/lib/font-awesome/css/solid.minb683.css]
[wtka.websitestemplateskits.com/wp-content/plugins/elementor/assets/lib/font-awesome/css/regular.minb683.css]
[wtka.websitestemplateskits.com/wp-content/plugins/elementskit-lite/modules/controls/assets/css/ekiticonsad76.css]
[wtka.websitestemplateskits.com/wp-content/plugins/elementor/assets/lib/font-awesome/css/brands.minb683.css]
[wtka.websitestemplateskits.com/wp-includes/js/jquery/jquery4a5f.js]
[wtka.websitestemplateskits.com/wp-includes/js/jquery/jquery-migrate.min330a.js]
[wtka.websitestemplateskits.com/wp-content/plugins/template-kit-export/public/assets/js/template-kit-export-public.min18c7.js]
[wtka.websitestemplateskits.com/wp-content/plugins/elementor/assets/lib/font-awesome/js/v4-shims.mincaa5.js]
[wtka.websitestemplateskits.com/wp-content/uploads/elementor/thumbs/TUTORIA-removebg-preview-ot4rwn1j4cburx97uythtf87a00vw28iaj57f8zkko.png]
[wtka.websitestemplateskits.com/wp-content/uploads/2020/07/undraw_Bibliophile_hwqc-removebg-preview.png]
[wtka.websitestemplateskits.com/wp-content/uploads/elementor/thumbs/undraw_teacher_35j2-removebg-preview-osttif4jfehl9jbrc14veckqfdpw6ttab92ko0xdyg.png]
[wtka.websitestemplateskits.com/wp-content/uploads/2020/07/reading_a_book.png]
[wtka.websitestemplateskits.com/wp-content/uploads/2020/07/undraw_responsive_6c8s.png]
[wtka.websitestemplateskits.com/wp-content/uploads/2020/07/undraw_drone_surveillance_kjjg.png]
[wtka.websitestemplateskits.com/wp-content/uploads/2020/07/undraw_Building_vpxo.png]
[wtka.websitestemplateskits.com/wp-content/uploads/elementor/thumbs/undraw_mathematics_4otb-1-osu2uk717cwsnobatervdu5t739qak1v4vzg4mrvxs.png]
[wtka.websitestemplateskits.com/wp-content/uploads/2020/07/undraw_proud_coder_7ain.png]
[wtka.websitestemplateskits.com/wp-content/uploads/2020/07/undraw_Outer_space_drqu.png]
[wtka.websitestemplateskits.com/wp-content/uploads/2020/07/undraw_book_reading_kx9s-removebg-preview.png]
[wtka.websitestemplateskits.com/wp-content/uploads/2020/07/undraw_celebration_0jvk-removebg-preview.png]
[wtka.websitestemplateskits.com/wp-content/uploads/2020/07/undraw_male_avatar_323b.png]
[wtka.websitestemplateskits.com/wp-content/uploads/2020/07/undraw_female_avatar_w3jk.png]
[wtka.websitestemplateskits.com/wp-content/uploads/2020/07/undraw_profile_pic_ic5t.png]
[wtka.websitestemplateskits.com/wp-content/uploads/2020/07/undraw_portfolio_feedback_exfk-removebg-preview.png]
[wtka.websitestemplateskits.com/wp-content/uploads/2020/06/drone-camera-laptop-4256093.jpg]
[wtka.websitestemplateskits.com/cdn-cgi/scripts/5c5dd728/cloudflare-static/email-decode.min.js]
[wtka.websitestemplateskits.com/wp-content/uploads/elementor/css/post-34097907.css]
[wtka.websitestemplateskits.com/wp-content/plugins/elementskit-lite/widgets/mail-chimp/assets/js/mail-chimp5152.js]
[wtka.websitestemplateskits.com/wp-content/plugins/woocommerce/assets/js/jquery-blockui/jquery.blockUI.min44fd.js]
[wtka.websitestemplateskits.com/wp-content/plugins/woocommerce/assets/js/frontend/add-to-cart.minb2f9.js]
[wtka.websitestemplateskits.com/wp-content/plugins/woocommerce/assets/js/js-cookie/js.cookie.min6b25.js]
[wtka.websitestemplateskits.com/wp-content/plugins/woocommerce/assets/js/frontend/woocommerce.minb2f9.js]
[wtka.websitestemplateskits.com/wp-content/plugins/woocommerce/assets/js/frontend/cart-fragments.minb2f9.js]
[wtka.websitestemplateskits.com/wp-content/plugins/metform/public/assets/js/htm9e1e.js]
[wtka.websitestemplateskits.com/wp-content/plugins/metform/public/assets/js/app9e1e.js]
[wtka.websitestemplateskits.com/wp-content/plugins/quadmenu/assets/frontend/pscrollbar/perfect-scrollbar.jquery.minb95e.js]
[wtka.websitestemplateskits.com/wp-content/plugins/quadmenu/assets/frontend/owlcarousel/owl.carousel.minb95e.js]
[wtka.websitestemplateskits.com/wp-includes/js/hoverIntent.minc245.js]
[wtka.websitestemplateskits.com/wp-content/plugins/quadmenu/assets/frontend/js/quadmenu.minb95e.js]
[wtka.websitestemplateskits.com/wp-content/plugins/elementskit-lite/libs/framework/assets/js/frontend-script7976.js]
[wtka.websitestemplateskits.com/wp-content/plugins/elementskit-lite/widgets/init/assets/js/nav-menu7661.js]
[wtka.websitestemplateskits.com/wp-content/plugins/elementskit-lite/widgets/init/assets/js/ui-slim.min7661.js]
[wtka.websitestemplateskits.com/wp-includes/js/wp-embed.min7661.js]
[wtka.websitestemplateskits.com/wp-content/plugins/header-footer-elementor/inc/js/frontendcc1a.js]
[wtka.websitestemplateskits.com/wp-content/plugins/elementor/assets/lib/waypoints/waypoints.min05da.js]
[wtka.websitestemplateskits.com/wp-content/plugins/elementskit-lite/widgets/init/assets/js/jquery.countdown.min7661.js]
[wtka.websitestemplateskits.com/wp-content/plugins/elementskit-lite/widgets/init/assets/js/goodshare.min7661.js]
[wtka.websitestemplateskits.com/wp-content/plugins/elementskit-lite/widgets/init/assets/js/jquery.magnific-popup.min7661.js]
[wtka.websitestemplateskits.com/wp-content/plugins/woolentor-addons/assets/js/slick.min7514.js]
[wtka.websitestemplateskits.com/wp-content/plugins/elementor/assets/js/frontend-modules.mincaa5.js]
[wtka.websitestemplateskits.com/wp-includes/js/jquery/ui/position.mine899.js]
[wtka.websitestemplateskits.com/wp-content/plugins/elementor/assets/lib/dialog/dialog.minae9e.js]
[wtka.websitestemplateskits.com/wp-content/plugins/elementor/assets/lib/swiper/swiper.min48f5.js]
[wtka.websitestemplateskits.com/wp-content/plugins/elementor/assets/lib/share-link/share-link.mincaa5.js]
[wtka.websitestemplateskits.com/wp-content/plugins/elementor/assets/js/frontend.mincaa5.js]
[wtka.websitestemplateskits.com/wp-content/plugins/elementskit-lite/widgets/init/assets/js/elementor7976.js]
[wtka.websitestemplateskits.com/wp-content/plugins/metform/controls/assets/js/form-picker-editor9e1e.js]
[wtka.websitestemplateskits.com/wp-content/plugins/elementskit-lite/modules/controls/assets/js/widgetarea-editor7976.js]
[img1.wsimg.com/tcc/tcc_l.combined.1.0.6.min.js]
[wtka.websitestemplateskits.com/template-kit/home-tutoria/index.html]
[wtka.websitestemplateskits.com/wp-includes/css/dist/block-library/style.min7661.css]
[wtka.websitestemplateskits.com/wp-content/plugins/woocommerce/packages/woocommerce-blocks/build/vendors-style653d.css]
[wtka.websitestemplateskits.com/wp-content/plugins/woocommerce/packages/woocommerce-blocks/build/style653d.css]
[wtka.websitestemplateskits.com/wp-content/plugins/template-kit-export/public/assets/css/template-kit-export-public.min18c7.css]
[wtka.websitestemplateskits.com/wp-content/plugins/woocommerce/assets/css/woocommerce-layoutb2f9.css]
[wtka.websitestemplateskits.com/wp-content/plugins/woocommerce/assets/css/woocommerce-smallscreenb2f9.css]
[wtka.websitestemplateskits.com/wp-content/plugins/woocommerce/assets/css/woocommerceb2f9.css]
[wtka.websitestemplateskits.com/wp-content/plugins/header-footer-elementor/assets/css/header-footer-elementorcc1a.css]
[wtka.websitestemplateskits.com/wp-content/plugins/elementor/assets/lib/eicons/css/elementor-icons.min87e8.css]
[wtka.websitestemplateskits.com/wp-content/plugins/elementor/assets/lib/animations/animations.mincaa5.css]
[wtka.websitestemplateskits.com/wp-content/plugins/elementor/assets/css/frontend.mincaa5.css]
[wtka.websitestemplateskits.com/wp-content/plugins/metform/controls/assets/css/form-picker-editor8a54.css]
[wtka.websitestemplateskits.com/wp-content/plugins/elementor/assets/lib/font-awesome/css/all.mincaa5.css]
[wtka.websitestemplateskits.com/wp-content/plugins/elementor/assets/lib/font-awesome/css/v4-shims.mincaa5.css]
[wtka.websitestemplateskits.com/wp-content/plugins/elementskit-lite/modules/controls/assets/css/widgetarea-editor8a54.css]
[wtka.websitestemplateskits.com/wp-content/uploads/elementor/css/post-38136efe.css]
[wtka.websitestemplateskits.com/wp-content/uploads/2020/07/knowledge_.png]
[wtka.websitestemplateskits.com/wp-content/uploads/elementor/css/post-3427f9bc.css]
[wtka.websitestemplateskits.com/wp-content/plugins/header-footer-elementor/inc/images/shade.png]
[wtka.websitestemplateskits.com/wp-content/plugins/header-footer-elementor/inc/widgets-css/frontendcc1a.css]
[wtka.websitestemplateskits.com/wp-content/plugins/elementor/assets/lib/font-awesome/css/font-awesome.min1849.css]
[wtka.websitestemplateskits.com/wp-content/plugins/woolentor-addons/assets/css/simple-line-icons7514.css]
[wtka.websitestemplateskits.com/wp-content/plugins/woolentor-addons/assets/css/htflexboxgrid7514.css]
[wtka.websitestemplateskits.com/wp-content/plugins/woolentor-addons/assets/css/slick7514.css]
[wtka.websitestemplateskits.com/wp-content/plugins/woolentor-addons/assets/css/woolentor-widgets7514.css]
[wtka.websitestemplateskits.com/wp-content/plugins/metform/public/assets/css/metform-ui9e1e.css]
[wtka.websitestemplateskits.com/wp-content/plugins/metform/public/assets/css/style9e1e.css]
[wtka.websitestemplateskits.com/wp-content/themes/hello-elementor/style.min3601.css]
[wtka.websitestemplateskits.com/wp-content/themes/hello-elementor/theme.min3601.css]
[wtka.websitestemplateskits.com/wp-content/plugins/quadmenu/assets/frontend/pscrollbar/perfect-scrollbar.minb95e.css]
[wtka.websitestemplateskits.com/wp-content/plugins/quadmenu/assets/frontend/owlcarousel/owl.video.play.png]
[wtka.websitestemplateskits.com/wp-content/plugins/quadmenu/assets/frontend/owlcarousel/owl.carousel.minb95e.css]
[wtka.websitestemplateskits.com/wp-content/plugins/quadmenu/assets/frontend/css/quadmenu-normalize.minb95e.css]
[wtka.websitestemplateskits.com/wp-content/uploads/hello-elementor/quadmenu-widgets1ae5.css]
[wtka.websitestemplateskits.com/wp-content/plugins/quadmenu/assets/frontend/css/quadmenu.minb95e.css]
[wtka.websitestemplateskits.com/wp-content/uploads/hello-elementor/quadmenu-locations300c.css]
[wtka.websitestemplateskits.com/wp-includes/css/dashicons.min7661.css]
[wtka.websitestemplateskits.com/wp-content/plugins/elementskit-lite/libs/framework/assets/css/frontend-style.min7976.css]
[wtka.websitestemplateskits.com/wp-content/plugins/elementskit-lite/widgets/init/assets/img/ajax-loader.gif]
[wtka.websitestemplateskits.com/wp-content/plugins/elementskit-lite/widgets/init/assets/img/arrow.png]
[wtka.websitestemplateskits.com/wp-content/plugins/elementskit-lite/widgets/init/assets/img/sort_asc.png]
[wtka.websitestemplateskits.com/wp-content/plugins/elementskit-lite/widgets/init/assets/img/sort_desc.png]
[wtka.websitestemplateskits.com/wp-content/plugins/elementskit-lite/widgets/init/assets/img/sort_asc_disabled.png]
[wtka.websitestemplateskits.com/wp-content/plugins/elementskit-lite/widgets/init/assets/css/vendors7976.css]
[wtka.websitestemplateskits.com/wp-content/plugins/elementskit-lite/widgets/init/assets/images/countdown-timer/circle-img-1.png]
[wtka.websitestemplateskits.com/wp-content/plugins/elementskit-lite/widgets/init/assets/images/countdown-timer/circle-img-2.png]
[wtka.websitestemplateskits.com/wp-content/plugins/elementskit-lite/widgets/init/assets/images/countdown-timer/circle-img-3.png]
[wtka.websitestemplateskits.com/wp-content/plugins/elementskit-lite/widgets/init/assets/images/countdown-timer/circle-img-4.png]
[wtka.websitestemplateskits.com/wp-content/plugins/elementskit-lite/widgets/init/assets/images/text-mask-image.jpg]
[wtka.websitestemplateskits.com/wp-content/plugins/elementskit-lite/widgets/init/assets/images/products/ribbon-background.png]
[wtka.websitestemplateskits.com/wp-content/plugins/elementskit-lite/widgets/init/assets/css/style7976.css]
[wtka.websitestemplateskits.com/wp-content/plugins/elementskit-lite/widgets/init/assets/css/responsive7976.css]
[wtka.websitestemplateskits.com/wp-content/plugins/elementor/assets/lib/font-awesome/css/fontawesome.minb683.css]
[wtka.websitestemplateskits.com/wp-content/plugins/elementor/assets/lib/font-awesome/css/solid.minb683.css]
[wtka.websitestemplateskits.com/wp-content/plugins/elementor/assets/lib/font-awesome/css/regular.minb683.css]
[wtka.websitestemplateskits.com/wp-content/plugins/elementskit-lite/modules/controls/assets/css/ekiticonsad76.css]
[wtka.websitestemplateskits.com/wp-content/plugins/elementor/assets/lib/font-awesome/css/brands.minb683.css]
[wtka.websitestemplateskits.com/wp-content/uploads/elementor/css/post-34097907.css]
[img1.wsimg.com/tcc/tcc_l.combined.1.0.6.min.js]
[wtka.websitestemplateskits.com/wp-content/plugins/header-footer-elementor/inc/images/shade.html]
[wtka.websitestemplateskits.com/wp-content/plugins/quadmenu/assets/frontend/owlcarousel/owl.video.play.html]
[wtka.websitestemplateskits.com/wp-content/plugins/elementskit-lite/widgets/init/assets/images/countdown-timer/circle-img-1.html]
[wtka.websitestemplateskits.com/wp-content/plugins/elementskit-lite/widgets/init/assets/images/countdown-timer/circle-img-2.html]
[wtka.websitestemplateskits.com/wp-content/plugins/elementskit-lite/widgets/init/assets/images/countdown-timer/circle-img-3.html]
[wtka.websitestemplateskits.com/wp-content/plugins/elementskit-lite/widgets/init/assets/images/countdown-timer/circle-img-4.html]
[wtka.websitestemplateskits.com/wp-content/plugins/elementskit-lite/widgets/init/assets/images/text-mask-image.html]
[wtka.websitestemplateskits.com/wp-content/plugins/elementskit-lite/widgets/init/assets/images/products/ribbon-background.html]
